Microsoft Windows [Version 10.0.19042.985]
(c) Корпорация Майкрософт (Microsoft Corporation). Все права защищены.

C:\Users\User>C:\Users\User\Desktop\PROJECTS
"C:\Users\User\Desktop\PROJECTS" не является внутренней или внешней
командой, исполняемой программой или пакетным файлом.

C:\Users\User>cd C:\Users\User\Desktop\PROJECTS

C:\Users\User\Desktop\PROJECTS>git config --local user.name "Maxim"

C:\Users\User\Desktop\PROJECTS>git config --local user.email example@gmail.com

C:\Users\User\Desktop\PROJECTS>git config --global user.email example@gmail.com

C:\Users\User\Desktop\PROJECTS>git config --global user.email example@gmail.com

C:\Users\User\Desktop\PROJECTS>git status
On branch master

No commits yet

Untracked files:
  (use "git add <file>..." to include in what will be committed)
        .jshintrc
        UDEMY/
        code-style.png
        types_2020.jpg

nothing added to commit but untracked files present (use "git add" to track)

C:\Users\User\Desktop\PROJECTS> git add -A
warning: LF will be replaced by CRLF in .jshintrc.
The file will have its original line endings in your working directory
warning: LF will be replaced by CRLF in UDEMY/.jshintrc.
The file will have its original line endings in your working directory

C:\Users\User\Desktop\PROJECTS>git status
On branch master

No commits yet

Changes to be committed:
  (use "git rm --cached <file>..." to unstage)
        new file:   .jshintrc
        new file:   UDEMY/.jshintrc
        new file:   UDEMY/index.html
        new file:   UDEMY/js/script.js
        new file:   UDEMY/js/script1.js
        new file:   UDEMY/js/script2.js
        new file:   UDEMY/js/script3.js
        new file:   UDEMY/js/script4.js
        new file:   UDEMY/js/script5.js
        new file:   UDEMY/js/script6.js
        new file:   code-style.png
        new file:   types_2020.jpg


C:\Users\User\Desktop\PROJECTS>git status
On branch master

No commits yet

Changes to be committed:
  (use "git rm --cached <file>..." to unstage)
        new file:   .jshintrc
        new file:   UDEMY/.jshintrc
        new file:   UDEMY/index.html
        new file:   UDEMY/js/script.js
        new file:   UDEMY/js/script1.js
        new file:   UDEMY/js/script2.js
        new file:   UDEMY/js/script3.js
        new file:   UDEMY/js/script4.js
        new file:   UDEMY/js/script5.js
        new file:   UDEMY/js/script6.js
        new file:   code-style.png
        new file:   types_2020.jpg

Untracked files:
  (use "git add <file>..." to include in what will be committed)
        UDEMY/test.css


C:\Users\User\Desktop\PROJECTS> git add test.css
fatal: pathspec 'test.css' did not match any files

C:\Users\User\Desktop\PROJECTS> git add UDEMY/test.css

C:\Users\User\Desktop\PROJECTS>git status
On branch master

No commits yet

Changes to be committed:
  (use "git rm --cached <file>..." to unstage)
        new file:   .jshintrc
        new file:   UDEMY/.jshintrc
        new file:   UDEMY/index.html
        new file:   UDEMY/js/script.js
        new file:   UDEMY/js/script1.js
        new file:   UDEMY/js/script2.js
        new file:   UDEMY/js/script3.js
        new file:   UDEMY/js/script4.js
        new file:   UDEMY/js/script5.js
        new file:   UDEMY/js/script6.js
        new file:   UDEMY/test.css
        new file:   code-style.png
        new file:   types_2020.jpg


C:\Users\User\Desktop\PROJECTS>git commit -a -m"first commit"
[master (root-commit) ec0daa8] first commit
 13 files changed, 225 insertions(+)
 create mode 100644 .jshintrc
 create mode 100644 UDEMY/.jshintrc
 create mode 100644 UDEMY/index.html
 create mode 100644 UDEMY/js/script.js
 create mode 100644 UDEMY/js/script1.js
 create mode 100644 UDEMY/js/script2.js
 create mode 100644 UDEMY/js/script3.js
 create mode 100644 UDEMY/js/script4.js
 create mode 100644 UDEMY/js/script5.js
 create mode 100644 UDEMY/js/script6.js
 create mode 100644 UDEMY/test.css
 create mode 100644 code-style.png
 create mode 100644 types_2020.jpg

C:\Users\User\Desktop\PROJECTS>git status
On branch master
nothing to commit, working tree clean

C:\Users\User\Desktop\PROJECTS>git status
On branch master
Changes not staged for commit:
  (use "git add/rm <file>..." to update what will be committed)
  (use "git restore <file>..." to discard changes in working directory)
        modified:   UDEMY/index.html
        deleted:    UDEMY/test.css

no changes added to commit (use "git add" and/or "git commit -a")

C:\Users\User\Desktop\PROJECTS>git add -A

C:\Users\User\Desktop\PROJECTS>git commit -a -m"second"
[master 5b778d0] second
 2 files changed, 1 insertion(+), 1 deletion(-)
 delete mode 100644 UDEMY/test.css

C:\Users\User\Desktop\PROJECTS>git log
commit 5b778d0fd7756b952af89a18c99e22c348d22031 (HEAD -> master)
Author: Maxim <example@gmail.com>
Date:   Fri Jun 11 12:14:25 2021 +0400

    second

commit ec0daa856ff7bd87aac47ea482df392bc208f0cb
Author: Maxim <example@gmail.com>
Date:   Fri Jun 11 12:12:55 2021 +0400

    first commit

C:\Users\User\Desktop\PROJECTS>git remote add origin https://github.com/Mak1maa/UDEMY.git

C:\Users\User\Desktop\PROJECTS>git push -u origin main
error: src refspec main does not match any
error: failed to push some refs to 'https://github.com/Mak1maa/UDEMY.git'

C:\Users\User\Desktop\PROJECTS>git branch -M main

C:\Users\User\Desktop\PROJECTS>git push -u origin main
Enumerating objects: 20, done.
Counting objects: 100% (20/20), done.
Delta compression using up to 4 threads
Compressing objects: 100% (18/18), done.
Writing objects: 100% (20/20), 857.74 KiB | 7.15 MiB/s, done.
Total 20 (delta 2), reused 0 (delta 0), pack-reused 0
remote: Resolving deltas: 100% (2/2), done.
To https://github.com/Mak1maa/UDEMY.git
 * [new branch]      main -> main
Branch 'main' set up to track remote branch 'main' from 'origin'.

C:\Users\User\Desktop\PROJECTS>git status
On branch main
Your branch is up to date with 'origin/main'.

Changes not staged for commit:
  (use "git add <file>..." to update what will be committed)
  (use "git restore <file>..." to discard changes in working directory)
        modified:   UDEMY/index.html

Untracked files:
  (use "git add <file>..." to include in what will be committed)
        UDEMY/js/script7.js

no changes added to commit (use "git add" and/or "git commit -a")

C:\Users\User\Desktop\PROJECTS>git add -A

C:\Users\User\Desktop\PROJECTS>git commit -a -m"add script file"
[main 1886d55] add script file
 2 files changed, 3 insertions(+), 1 deletion(-)
 create mode 100644 UDEMY/js/script7.js

C:\Users\User\Desktop\PROJECTS>git push
Enumerating objects: 9, done.
Counting objects: 100% (9/9), done.
Delta compression using up to 4 threads
Compressing objects: 100% (5/5), done.
Writing objects: 100% (5/5), 454 bytes | 113.00 KiB/s, done.
Total 5 (delta 3), reused 0 (delta 0), pack-reused 0
remote: Resolving deltas: 100% (3/3), completed with 3 local objects.
To https://github.com/Mak1maa/UDEMY.git
   5b778d0..1886d55  main -> main

C:\Users\User\Desktop\PROJECTS>